// Jest Snapshot v1, https://goo.gl/fbAQLP

exports[`should not go negative 1`] = `
<div
  className="counter-container"
>
  <span
    className="badge badge-success count"
  >
    0
  </span>
  <button
    className="btn btn-primary buttons"
    onClick={[Function]}
  >
     +
  </button>
  <button
    className="btn btn-danger buttons"
    onClick={[Function]}
  >
     -
  </button>
  <button
    className="btn btn-warning buttons"
    onClick={[Function]}
  >
    Reset
  </button>
</div>
`;

exports[`should render 0 1`] = `
<div
  className="counter-container"
>
  <span
    className="badge badge-success count"
  >
    0
  </span>
  <button
    className="btn btn-primary buttons"
    onClick={[Function]}
  >
     +
  </button>
  <button
    className="btn btn-danger buttons"
    onClick={[Function]}
  >
     -
  </button>
  <button
    className="btn btn-warning buttons"
    onClick={[Function]}
  >
    Reset
  </button>
</div>
`;

exports[`should render to 2 1`] = `
<div
  className="counter-container"
>
  <span
    className="badge badge-success count"
  >
    2
  </span>
  <button
    className="btn btn-primary buttons"
    onClick={[Function]}
  >
     +
  </button>
  <button
    className="btn btn-danger buttons"
    onClick={[Function]}
  >
     -
  </button>
  <button
    className="btn btn-warning buttons"
    onClick={[Function]}
  >
    Reset
  </button>
</div>
`;
